// Jest Snapshot v1, https://goo.gl/fbAQLP

exports[`HOmeScreen renders the page 1`] = `
.c0 {
  font-family: "sans-serif";
}

<div>
  <main>
    <h1
      class="c0"
    >
      Home
    </h1>
    <p
      class="c0"
    >
      Importando modulo local: @alura/utils/math/sum
    </p>
  </main>
</div>
`;
